2026-07-19T03:46:27.665841  New Odyssey date!: The Odyssey IMAX 70MM added for 2026-07-18: 10:45pm, 2:30am
2026-07-20T21:49:51.487491  New date on sale: 2026-08-13: The Odyssey IMAX 70MM added for 2026-08-13: 10:45pm, 11:30am, 2:30am, 3:15pm, 7:00pm, 7:45am
2026-07-20T22:15:47.595900  Seats open 2026-08-13 11:30am: The Odyssey IMAX 70MM: E17-E26, E15, E1-E9, F18-F26, F8, F3-F5, G20-G26, G1-G7, H21-H26, H1-H6, J22-J26, J1-J6, K17-K26, K1-K10
2026-07-20T22:15:58.910320  Seats open 2026-08-13 3:15pm: The Odyssey IMAX 70MM: E21-E26, E1-E6, F21-F26, F1-F6, G24-G26, G21, G1-G6, H21-H26, H3-H4, J23-J25, J1-J6, K22-K26, K1-K9
2026-07-20T22:16:10.491385  Seats open 2026-08-13 7:00pm: The Odyssey IMAX 70MM: E26, E1, F1, G26, G1, J26
2026-07-20T22:16:22.769678  Seats open 2026-08-13 10:45pm: The Odyssey IMAX 70MM: E18-E26, E1-E8, F22-F26, F1-F6, G21-G26, G1-G6, H24-H26, H1-H5, J24-J26, J1-J5, K21-K26, K3-K5
2026-07-20T23:18:18.056868  Seats open 2026-07-26 10:45pm: The Odyssey IMAX 70MM: E25-E26
2026-07-21T12:01:28.217860  New date on sale: 2026-08-18: The Odyssey IMAX 70MM added for 2026-08-18: 10:45pm, 11:30am, 3:15pm, 7:00pm, 7:45am
2026-07-21T12:01:39.413406  New date on sale: 2026-08-19: The Odyssey IMAX 70MM added for 2026-08-19: 10:45pm, 11:30am, 3:15pm, 7:00pm, 7:45am
2026-07-21T12:27:39.192049  Seats open 2026-08-18 11:30am: The Odyssey IMAX 70MM: E1-E26, F1-F26, G1-G26, H1-H26, J1-J26, K1-K26
2026-07-21T12:28:00.806052  Seats open 2026-08-18 7:00pm: The Odyssey IMAX 70MM: E16-E26, E1-E11, F15-F26, F1-F12, G17-G26, G1-G10, H16-H26, H1-H11, J15-J26, J1-J12, K15-K26, K1-K12
2026-07-21T12:28:13.946708  Seats open 2026-08-18 10:45pm: The Odyssey IMAX 70MM: E1-E26, F1-F26, G1-G26, H14-H26, H1-H11, J1-J26, K1-K26
2026-07-21T12:28:24.743119  Seats open 2026-08-19 11:30am: The Odyssey IMAX 70MM: E1-E26, F1-F26, G1-G26, H1-H26, J1-J26, K1-K26
2026-07-21T14:38:16.265890  Seats open 2026-08-13 11:30am: The Odyssey IMAX 70MM: H1-H2
2026-07-21T14:38:36.862227  Seats open 2026-08-13 7:00pm: The Odyssey IMAX 70MM: E26, E1
2026-07-21T14:39:10.530964  Seats open 2026-08-18 3:15pm: The Odyssey IMAX 70MM: E18-E26, E1-E8, F22-F26, F1-F10, G19-G26, G1-G9, H20-H26, H1-H8, J19-J26, J1-J8, K20-K26, K1-K6
2026-07-21T16:21:24.055515  Seats open 2026-08-10 10:45pm: The Odyssey IMAX 70MM: E1
2026-07-21T16:23:07.071206  Seats open 2026-08-13 3:15pm: The Odyssey IMAX 70MM: F26
2026-07-21T17:45:08.294240  New date on sale: 2026-08-14: The Odyssey IMAX 70MM added for 2026-08-14: 10:45pm, 11:30am, 3:15pm, 7:00pm, 7:45am
2026-07-21T17:45:22.965865  New date on sale: 2026-08-15: The Odyssey IMAX 70MM added for 2026-08-15: 10:45pm, 11:30am, 3:15pm, 7:00pm, 7:45am
2026-07-21T17:45:32.761725  New date on sale: 2026-08-16: The Odyssey IMAX 70MM added for 2026-08-16: 10:45pm, 11:30am, 3:15pm, 7:00pm, 7:45am
2026-07-21T17:45:43.633082  New date on sale: 2026-08-17: The Odyssey IMAX 70MM added for 2026-08-17: 10:45pm, 11:30am, 3:15pm, 7:00pm, 7:45am
2026-07-21T18:13:22.537774  Seats open 2026-08-17 11:30am: The Odyssey IMAX 70MM: E24-E26, H1
2026-07-21T18:13:33.161939  Seats open 2026-08-17 3:15pm: The Odyssey IMAX 70MM: E26, F1, G1, H1
2026-07-21T18:13:55.282620  Seats open 2026-08-17 10:45pm: The Odyssey IMAX 70MM: E26, E1
2026-07-21T19:51:12.748144  Seats open 2026-07-21 3:15pm: The Odyssey IMAX 70MM: H24-H25
2026-07-21T21:32:56.682144  Seats open 2026-07-21 3:15pm: The Odyssey IMAX 70MM: F24, G4
2026-07-22T01:09:55.727654  Seats open 2026-07-21 10:45pm: The Odyssey IMAX 70MM: F2
2026-07-22T10:07:49.872356  Seats open 2026-07-23 11:30am: The Odyssey IMAX 70MM: G13
2026-07-22T14:23:16.758535  Seats open 2026-07-23 3:15pm: The Odyssey IMAX 70MM: F15
2026-07-22T16:07:47.271776  Seats open 2026-07-22 11:30am: The Odyssey IMAX 70MM: F15
2026-07-22T16:11:12.127109  Seats open 2026-07-27 3:15pm: The Odyssey IMAX 70MM: K8-K10
2026-07-22T20:21:49.524355  Seats open 2026-07-22 3:15pm: The Odyssey IMAX 70MM: F10, H14
2026-07-22T21:54:01.856709  Seats open 2026-07-22 10:45pm: The Odyssey IMAX 70MM: J13-J15
2026-07-22T23:16:01.773767  Seats open 2026-07-23 11:30am: The Odyssey IMAX 70MM: E3
2026-07-23T16:14:16.206127  Seats open 2026-07-23 11:30am: The Odyssey IMAX 70MM: J25
2026-07-23T16:30:33.512080  Seats open 2026-08-14 11:30am: The Odyssey IMAX 70MM: F8-F9
2026-07-23T21:25:44.841135  Seats open 2026-07-29 11:30am: The Odyssey IMAX 70MM: E1
2026-07-23T23:43:44.487504  Seats open 2026-07-29 3:15pm: The Odyssey IMAX 70MM: K25-K26
2026-07-24T18:02:05.295572  Seats open 2026-07-25 3:15pm: The Odyssey IMAX 70MM: G23
2026-07-24T19:46:42.794841  Seats open 2026-07-24 3:15pm: The Odyssey IMAX 70MM: H2-H3
2026-07-24T21:25:42.363412  Seats open 2026-07-30 10:45pm: The Odyssey IMAX 70MM: J15
2026-07-25T16:44:49.365535  Seats open 2026-07-25 7:00pm: The Odyssey IMAX 70MM: J8
2026-07-25T17:42:34.330157  Seats open 2026-07-25 11:30am: The Odyssey IMAX 70MM: E17
2026-07-25T22:10:30.490772  Seats open 2026-07-25 11:30am: The Odyssey IMAX 70MM: E17
2026-07-26T12:54:14.196108  Seats open 2026-07-26 7:00pm: The Odyssey IMAX 70MM: G12-G15
2026-07-26T17:53:22.998847  Seats open 2026-07-26 7:00pm: The Odyssey IMAX 70MM: K11
2026-07-26T21:49:05.457029  Seats open 2026-07-26 11:30am: The Odyssey IMAX 70MM: G22, H1
2026-07-26T21:49:28.086729  Seats open 2026-07-26 7:00pm: The Odyssey IMAX 70MM: J1
2026-07-26T21:56:03.351696  Seats open 2026-08-04 3:15pm: The Odyssey IMAX 70MM: G9
2026-07-26T23:44:12.508580  Seats open 2026-07-26 7:00pm: The Odyssey IMAX 70MM: K12
2026-07-27T08:05:06.340510  Seats open 2026-08-15 3:15pm: The Odyssey IMAX 70MM: F26
2026-07-27T11:43:54.346804  Seats open 2026-08-02 10:45pm: The Odyssey IMAX 70MM: F10-F11
2026-07-27T20:19:51.301360  Seats open 2026-07-28 3:15pm: The Odyssey IMAX 70MM: G1
2026-07-27T21:44:55.724507  Seats open 2026-08-16 7:00pm: The Odyssey IMAX 70MM: J21-J23
2026-07-27T22:42:17.351963  Seats open 2026-07-27 11:30am: The Odyssey IMAX 70MM: G13
2026-07-27T22:46:46.724962  Seats open 2026-08-02 11:30am: The Odyssey IMAX 70MM: F26
2026-07-28T03:34:53.831086  Seats open 2026-07-27 3:15pm: The Odyssey IMAX 70MM: K8
2026-07-28T11:45:00.392730  Seats open 2026-07-28 11:30am: The Odyssey IMAX 70MM: E15
2026-07-28T14:36:53.934625  Seats open 2026-07-28 11:30am: The Odyssey IMAX 70MM: F1
2026-07-28T21:31:45.676675  New date on sale: 2026-08-20: The Odyssey IMAX 70MM added for 2026-08-20: 10:45pm, 11:30am, 3:15pm, 7:00pm, 7:45am
2026-07-28T21:58:07.089155  Seats open 2026-08-20 11:30am: The Odyssey IMAX 70MM: E23-E24, E1-E3, F25-F26, F1-F2, G25-G26, G2, H1
2026-07-28T21:58:18.961683  Seats open 2026-08-20 3:15pm: The Odyssey IMAX 70MM: E26
2026-07-28T22:47:08.097716  Seats open 2026-08-03 3:15pm: The Odyssey IMAX 70MM: H4
2026-07-28T23:51:05.444505  Seats open 2026-08-07 11:30am: The Odyssey IMAX 70MM: E6-E7
2026-07-29T03:59:43.149534  Seats open 2026-08-12 10:45pm: The Odyssey IMAX 70MM: H1
2026-07-29T14:31:11.896694  Seats open 2026-07-29 11:30am: The Odyssey IMAX 70MM: E2, K8-K9
2026-07-29T16:10:56.711170  Seats open 2026-07-29 11:30am: The Odyssey IMAX 70MM: G4, K21
2026-07-29T17:40:15.595990  New date on sale: 2026-08-23: The Odyssey IMAX 70MM added for 2026-08-23: 3:30pm
2026-07-29T21:22:07.739541  Seats open 2026-07-29 3:15pm: The Odyssey IMAX 70MM: H20
2026-07-29T21:23:18.179094  Seats open 2026-07-30 10:45pm: The Odyssey IMAX 70MM: H26
2026-07-30T07:29:14.259982  Seats open 2026-08-08 7:00pm: The Odyssey IMAX 70MM: F1
2026-07-30T07:40:49.224956  Seats open 2026-08-20 7:00pm: The Odyssey IMAX 70MM: K24-K26
2026-07-30T10:06:12.174950  New date on sale: 2026-08-30: The Odyssey IMAX 70MM added for 2026-08-30: 7:15pm
2026-07-30T10:06:24.412919  New date on sale: 2026-08-31: The Odyssey IMAX 70MM added for 2026-08-31: 7:15pm
2026-07-30T12:03:45.453744  Seats open 2026-07-30 11:30am: The Odyssey IMAX 70MM: F11-F16
2026-07-30T14:36:46.696044  Seats open 2026-08-06 11:30am: The Odyssey IMAX 70MM: K3-K4
2026-07-30T14:42:33.859613  Seats open 2026-08-14 3:15pm: The Odyssey IMAX 70MM: E26
2026-07-30T14:42:59.554555  Seats open 2026-08-14 10:45pm: The Odyssey IMAX 70MM: E11-E12
2026-07-30T14:43:45.267922  Seats open 2026-08-15 10:45pm: The Odyssey IMAX 70MM: E18
2026-07-30T14:44:36.850871  Seats open 2026-08-17 11:30am: The Odyssey IMAX 70MM: F21-F22
2026-07-30T14:45:01.114916  Seats open 2026-08-17 7:00pm: The Odyssey IMAX 70MM: F26, H26, J26
2026-07-30T14:46:53.136719  Seats open 2026-08-20 11:30am: The Odyssey IMAX 70MM: E6
2026-07-30T14:47:16.989668  Seats open 2026-08-20 7:00pm: The Odyssey IMAX 70MM: E23-E26, E3, G26, H1, J1
2026-07-30T14:47:27.837229  Seats open 2026-08-20 10:45pm: The Odyssey IMAX 70MM: E24, F2, K3
2026-07-30T14:48:02.456025  Seats open 2026-08-31 7:15pm: The Odyssey IMAX 70MM: G24-G26, H23-H26, H6-H7, J23-J24
2026-07-31T00:31:32.201405  Seats open 2026-08-20 10:45pm: The Odyssey IMAX 70MM: G26, H1
2026-07-31T04:06:06.876383  Seats open 2026-07-30 3:15pm: The Odyssey IMAX 70MM: H9, J19
2026-07-31T04:06:17.328996  Seats open 2026-07-30 7:00pm: The Odyssey IMAX 70MM: F5-F9, J26
2026-07-31T04:06:30.614987  Seats open 2026-07-30 10:45pm: The Odyssey IMAX 70MM: H24
2026-08-02T14:19:57.902319  Seats open 2026-08-06 3:15pm: The Odyssey IMAX 70MM: K3-K4
2026-08-02T15:45:22.780808  Seats open 2026-08-02 11:30am: The Odyssey IMAX 70MM: H5
2026-08-02T15:50:21.700026  Seats open 2026-08-09 11:30am: The Odyssey IMAX 70MM: E3
2026-08-02T17:15:24.683110  Seats open 2026-08-02 11:30am: The Odyssey IMAX 70MM: K1
2026-08-02T17:22:37.646524  Seats open 2026-08-12 11:30am: The Odyssey IMAX 70MM: J12-J13
2026-08-08T19:44:20.992949  Seats open 2026-08-08 3:15pm: The Odyssey IMAX 70MM: F12
2026-08-08T19:49:30.304918  Seats open 2026-08-15 11:30am: The Odyssey IMAX 70MM: F16
2026-08-08T20:47:51.179042  Seats open 2026-08-08 3:15pm: The Odyssey IMAX 70MM: G15
2026-08-09T23:52:07.937872  Seats open 2026-08-17 7:00pm: The Odyssey IMAX 70MM: K1
2026-08-10T02:36:00.084515  Seats open 2026-08-11 7:00pm: The Odyssey IMAX 70MM: J7
2026-08-10T15:16:33.182704  Seats open 2026-08-10 11:30am: The Odyssey IMAX 70MM: F2
2026-08-10T15:16:55.846098  Seats open 2026-08-10 7:00pm: The Odyssey IMAX 70MM: E26
2026-08-10T16:34:14.735393  Seats open 2026-08-12 10:45pm: The Odyssey IMAX 70MM: F20
2026-08-10T17:36:52.454777  New date on sale: 2026-08-21: The Odyssey IMAX 70MM added for 2026-08-21: 11:00pm, 11:45am, 2:45am, 3:30pm, 7:15pm, 8:00am
2026-08-10T17:37:04.908707  New date on sale: 2026-08-22: The Odyssey IMAX 70MM added for 2026-08-22: 11:00pm, 11:45am, 2:45am, 3:30pm, 7:15pm, 8:00am
2026-08-10T17:37:17.577149  New date on sale: 2026-08-24: The Odyssey IMAX 70MM added for 2026-08-24: 11:00pm, 11:45am, 3:30pm, 7:15pm, 8:00am
2026-08-10T17:37:30.712283  New date on sale: 2026-08-25: The Odyssey IMAX 70MM added for 2026-08-25: 11:00pm, 11:45am, 3:30pm, 7:15pm, 8:00am
2026-08-10T17:37:44.219031  New date on sale: 2026-08-26: The Odyssey IMAX 70MM added for 2026-08-26: 10:10pm, 10:30am, 2:15pm
2026-08-10T17:37:57.380543  New date on sale: 2026-08-27: The Odyssey IMAX 70MM added for 2026-08-27: 11:00pm, 11:45am, 3:30pm, 7:15pm, 8:00am
2026-08-10T17:38:07.183820  New date on sale: 2026-08-28: The Odyssey IMAX 70MM added for 2026-08-28: 11:00pm, 11:45am, 2:45am, 3:30pm, 7:15pm, 8:00am
2026-08-10T17:38:20.543888  New date on sale: 2026-08-29: The Odyssey IMAX 70MM added for 2026-08-29: 11:00pm, 11:45am, 2:45am, 3:30pm, 7:15pm, 8:00am
2026-08-10T17:38:32.147191  New date on sale: 2026-09-01: The Odyssey IMAX 70MM added for 2026-09-01: 11:00pm, 11:45am, 3:30pm, 7:15pm, 8:00am
2026-08-10T17:38:42.359990  New date on sale: 2026-09-02: The Odyssey IMAX 70MM added for 2026-09-02: 11:00pm, 11:45am, 3:30pm, 7:15pm, 8:00am
2026-08-10T17:38:55.300232  New date on sale: 2026-09-03: The Odyssey IMAX 70MM added for 2026-09-03: 11:00pm, 11:45am, 3:30pm, 7:15pm, 8:00am
2026-08-10T17:39:07.557920  New date on sale: 2026-09-04: The Odyssey IMAX 70MM added for 2026-09-04: 11:00pm, 11:45am, 2:45am, 3:30pm, 7:15pm, 8:00am
2026-08-10T17:39:16.803511  New date on sale: 2026-09-05: The Odyssey IMAX 70MM added for 2026-09-05: 11:00pm, 11:45am, 2:45am, 3:30pm, 7:15pm, 8:00am
2026-08-10T17:39:26.298668  New date on sale: 2026-09-06: The Odyssey IMAX 70MM added for 2026-09-06: 11:00pm, 11:45am, 2:45am, 3:30pm, 7:15pm, 8:00am
2026-08-10T17:39:39.236526  New date on sale: 2026-09-07: The Odyssey IMAX 70MM added for 2026-09-07: 11:00pm, 11:45am, 3:30pm, 7:15pm, 8:00am
2026-08-10T17:39:51.257730  New date on sale: 2026-09-08: The Odyssey IMAX 70MM added for 2026-09-08: 11:00pm, 11:45am, 3:30pm, 7:15pm, 8:00am
2026-08-10T17:40:03.477656  New date on sale: 2026-09-09: The Odyssey IMAX 70MM added for 2026-09-09: 11:00pm, 11:45am, 3:30pm, 7:15pm, 8:00am
2026-08-10T17:40:16.495724  New date on sale: 2026-09-10: The Odyssey IMAX 70MM added for 2026-09-10: 11:00pm, 11:45am, 3:30pm, 7:15pm, 8:00am
2026-08-10T17:40:28.649734  New date on sale: 2026-09-11: The Odyssey IMAX 70MM added for 2026-09-11: 11:00pm, 11:45am, 2:45am, 3:30pm, 7:15pm, 8:00am
2026-08-10T17:40:39.615097  New date on sale: 2026-09-12: The Odyssey IMAX 70MM added for 2026-09-12: 11:00pm, 11:45am, 2:45am, 3:30pm, 7:15pm, 8:00am
2026-08-10T17:40:49.661896  New date on sale: 2026-09-13: The Odyssey IMAX 70MM added for 2026-09-13: 11:00pm, 11:45am, 2:45am, 3:30pm, 7:15pm, 8:00am
2026-08-10T17:40:59.595580  New date on sale: 2026-09-14: The Odyssey IMAX 70MM added for 2026-09-14: 11:00pm, 11:45am, 3:30pm, 7:15pm, 8:00am
2026-08-10T17:41:11.717563  New date on sale: 2026-09-15: The Odyssey IMAX 70MM added for 2026-09-15: 11:00pm, 11:45am, 3:30pm, 7:15pm, 8:00am
2026-08-10T17:41:22.186676  New date on sale: 2026-09-16: The Odyssey IMAX 70MM added for 2026-09-16: 11:00pm, 11:45am, 3:30pm, 7:15pm, 8:00am
2026-08-10T17:47:42.553644  Seats open 2026-08-10 11:30am: The Odyssey IMAX 70MM: G2
2026-08-10T17:52:41.050131  Seats open 2026-08-17 11:30am: The Odyssey IMAX 70MM: K18
2026-08-10T19:42:38.128635  Seats open 2026-08-10 7:00pm: The Odyssey IMAX 70MM: H3
2026-08-10T19:50:04.412879  Seats open 2026-08-21 11:45am: The Odyssey IMAX 70MM: J16-J17
2026-08-13T11:18:11.088814  Seats open 2026-08-13 11:30am: The Odyssey IMAX 70MM: H21
2026-08-13T15:22:03.766058  Seats open 2026-08-13 10:45pm: The Odyssey IMAX 70MM: E26
2026-08-13T16:35:23.555179  Seats open 2026-08-13 11:30am: The Odyssey IMAX 70MM: E22, J1
2026-08-13T16:38:11.526515  Seats open 2026-08-16 10:45pm: The Odyssey IMAX 70MM: J16-J18
2026-08-13T17:42:44.221085  Seats open 2026-08-13 11:30am: The Odyssey IMAX 70MM: E13
2026-08-15T22:43:15.205374  Seats open 2026-08-17 11:30am: The Odyssey IMAX 70MM: G3-G4
2026-08-16T01:57:00.511768  Seats open 2026-08-15 3:15pm: The Odyssey IMAX 70MM: F7, H25, H17-H18, H7, J2-J3
2026-08-16T13:14:10.193926  Seats open 2026-09-06 11:00pm: The Odyssey IMAX 70MM: G15-G16
2026-08-16T15:02:42.025868  Seats open 2026-09-11 11:45am: The Odyssey IMAX 70MM: H21-H24
2026-08-16T16:00:36.596021  Seats open 2026-08-20 11:30am: The Odyssey IMAX 70MM: G25-G26, G2, H1
2026-08-16T16:11:49.199724  Seats open 2026-09-06 11:00pm: The Odyssey IMAX 70MM: F24-F25
2026-08-16T16:17:24.058454  Seats open 2026-09-14 11:45am: The Odyssey IMAX 70MM: F9-F10
2026-08-16T17:09:33.465790  Seats open 2026-09-14 3:30pm: The Odyssey IMAX 70MM: J3, K24, K3
2026-08-16T22:33:57.090719  Seats open 2026-08-16 11:30am: The Odyssey IMAX 70MM: K6-K7
2026-08-16T23:59:33.207811  Seats open 2026-08-21 3:30pm: The Odyssey IMAX 70MM: G26
2026-08-17T01:54:58.349299  Seats open 2026-08-16 3:15pm: The Odyssey IMAX 70MM: E22, G25, H16-H17, K23
2026-08-17T02:03:29.869183  Seats open 2026-08-29 11:45am: The Odyssey IMAX 70MM: F12-F13
2026-08-17T05:06:00.714970  Seats open 2026-08-16 7:00pm: The Odyssey IMAX 70MM: H15-H16
2026-08-17T20:07:15.248261  Seats open 2026-08-20 10:45pm: The Odyssey IMAX 70MM: J21
2026-08-17T20:10:11.469593  Seats open 2026-08-25 3:30pm: The Odyssey IMAX 70MM: G3
2026-08-17T20:55:58.006994  Seats open 2026-08-17 3:15pm: The Odyssey IMAX 70MM: E10, F22, F18, G24, H17, J12-J13, K19-K20
2026-08-17T21:40:50.948616  Seats open 2026-08-17 10:45pm: The Odyssey IMAX 70MM: F19
2026-08-17T21:46:23.543328  Seats open 2026-08-26 2:15pm: The Odyssey IMAX 70MM: F14
2026-08-18T01:50:54.379438  Seats open 2026-08-17 7:00pm: The Odyssey IMAX 70MM: K18
2026-08-18T01:58:17.859751  Seats open 2026-08-28 3:30pm: The Odyssey IMAX 70MM: H16
2026-08-18T03:08:38.480056  Seats open 2026-08-17 10:45pm: The Odyssey IMAX 70MM: K15
2026-08-18T04:05:43.745401  Seats open 2026-08-17 10:45pm: The Odyssey IMAX 70MM: E16-E17, E4
2026-08-18T04:51:48.147099  Seats open 2026-08-17 10:45pm: The Odyssey IMAX 70MM: J8-J9
2026-08-18T04:52:01.972313  Seats open 2026-08-18 11:30am: The Odyssey IMAX 70MM: G24-G26, H7, J18
2026-08-18T04:52:15.330958  Seats open 2026-08-18 3:15pm: The Odyssey IMAX 70MM: J22-J23, J15-J16
2026-08-18T04:55:11.896951  Seats open 2026-08-22 7:15pm: The Odyssey IMAX 70MM: H12-H13
2026-08-18T05:45:11.515698  Seats open 2026-08-18 10:45pm: The Odyssey IMAX 70MM: E10
2026-08-18T05:47:53.219337  Seats open 2026-08-22 7:15pm: The Odyssey IMAX 70MM: H15
2026-08-18T07:29:41.666012  Seats open 2026-09-15 3:30pm: The Odyssey IMAX 70MM: K3-K4
2026-08-18T07:55:08.082199  Seats open 2026-08-20 11:30am: The Odyssey IMAX 70MM: E1-E3, F1-F2
2026-08-18T09:48:46.551842  Seats open 2026-08-18 3:15pm: The Odyssey IMAX 70MM: F21
2026-08-18T09:56:34.472716  Seats open 2026-08-30 7:15pm: The Odyssey IMAX 70MM: E7
2026-08-18T13:59:16.315437  Seats open 2026-08-21 7:15pm: The Odyssey IMAX 70MM: E24
2026-08-18T19:20:51.929907  Seats open 2026-08-18 11:30am: The Odyssey IMAX 70MM: F9-F10
2026-08-18T19:28:42.265024  Seats open 2026-08-22 7:15pm: The Odyssey IMAX 70MM: E18-E20
2026-08-18T19:35:32.458771  Seats open 2026-09-03 3:30pm: The Odyssey IMAX 70MM: F1-F2
2026-08-18T20:15:11.315695  Seats open 2026-08-20 3:15pm: The Odyssey IMAX 70MM: F19-F20
2026-08-18T20:32:42.552415  Seats open 2026-09-15 11:00pm: The Odyssey IMAX 70MM: G8-G9
2026-08-18T20:40:56.338700  Seats open 2026-08-18 7:00pm: The Odyssey IMAX 70MM: J14
2026-08-18T21:37:53.860144  Seats open 2026-08-18 10:45pm: The Odyssey IMAX 70MM: J23
2026-08-18T21:41:26.835505  Seats open 2026-08-24 3:30pm: The Odyssey IMAX 70MM: E26
2026-08-18T21:41:58.378525  Seats open 2026-08-25 11:45am: The Odyssey IMAX 70MM: F3
2026-08-18T22:43:10.270993  Seats open 2026-08-20 7:00pm: The Odyssey IMAX 70MM: G1-G2
2026-08-18T22:47:44.418748  Seats open 2026-08-27 11:00pm: The Odyssey IMAX 70MM: G5
2026-08-18T23:35:57.010569  Seats open 2026-08-18 7:00pm: The Odyssey IMAX 70MM: F23
2026-08-18T23:58:11.425809  Seats open 2026-08-18 7:00pm: The Odyssey IMAX 70MM: J1
2026-08-18T23:58:22.368337  Seats open 2026-08-18 10:45pm: The Odyssey IMAX 70MM: F10
2026-08-19T03:39:31.442349  Seats open 2026-09-14 3:30pm: The Odyssey IMAX 70MM: K16
2026-08-19T04:01:07.196890  Seats open 2026-08-18 10:45pm: The Odyssey IMAX 70MM: F11, H19-H20
2026-08-19T04:04:34.122034  Seats open 2026-08-24 3:30pm: The Odyssey IMAX 70MM: K17
2026-08-19T13:16:52.869646  Seats open 2026-08-20 10:45pm: The Odyssey IMAX 70MM: J20
2026-08-19T13:30:49.821220  Seats open 2026-09-11 11:45am: The Odyssey IMAX 70MM: G1-G2
2026-08-19T18:42:44.164865  Seats open 2026-09-12 11:45am: The Odyssey IMAX 70MM: G24
2026-08-19T20:15:43.884311  Seats open 2026-08-21 7:15pm: The Odyssey IMAX 70MM: F1
2026-08-19T21:42:39.540577  Seats open 2026-08-21 3:30pm: The Odyssey IMAX 70MM: G18-G21
2026-08-19T21:43:31.115332  Seats open 2026-08-22 7:15pm: The Odyssey IMAX 70MM: J3-J5
2026-08-19T22:13:32.899793  Seats open 2026-08-25 3:30pm: The Odyssey IMAX 70MM: H18
2026-08-19T22:26:40.911250  Seats open 2026-09-10 3:30pm: The Odyssey IMAX 70MM: G11-G12
2026-08-20T07:28:02.279787  Seats open 2026-08-20 10:45pm: The Odyssey IMAX 70MM: G1-G5, H25, H16, J3
2026-08-20T07:30:22.951860  Seats open 2026-08-21 3:30pm: The Odyssey IMAX 70MM: G25
2026-08-20T07:30:52.623186  Seats open 2026-08-21 7:15pm: The Odyssey IMAX 70MM: F15-F16, J1
2026-08-20T08:06:02.566008  Seats open 2026-08-24 11:45am: The Odyssey IMAX 70MM: F10
2026-08-20T13:18:44.521248  Seats open 2026-08-20 10:45pm: The Odyssey IMAX 70MM: G1, H25, J3
2026-08-20T16:04:24.757538  Seats open 2026-09-02 11:45am: The Odyssey IMAX 70MM: E11-E12
2026-08-20T17:53:06.628230  Seats open 2026-09-02 11:45am: The Odyssey IMAX 70MM: G8-G11
2026-08-20T19:49:29.006507  Seats open 2026-08-25 11:00pm: The Odyssey IMAX 70MM: H8
2026-08-20T19:50:14.954606  Seats open 2026-08-27 11:45am: The Odyssey IMAX 70MM: K11
2026-08-21T12:27:17.463496  Seats open 2026-08-21 11:45am: The Odyssey IMAX 70MM: H26
2026-08-21T14:07:09.376780  Seats open 2026-08-21 11:45am: The Odyssey IMAX 70MM: E22
2026-08-21T14:08:37.578366  Seats open 2026-08-23 3:30pm: The Odyssey IMAX 70MM: J23-J24
2026-08-21T15:02:50.261165  Seats open 2026-09-05 7:15pm: The Odyssey IMAX 70MM: E22-E24, G1-G2
2026-08-21T15:03:37.284838  Seats open 2026-09-06 7:15pm: The Odyssey IMAX 70MM: G1-G2
2026-08-21T15:07:55.116604  Seats open 2026-09-12 7:15pm: The Odyssey IMAX 70MM: K25-K26
2026-08-23T01:59:40.414877  Seats open 2026-08-22 7:15pm: The Odyssey IMAX 70MM: J25-J26
2026-08-23T02:01:57.658713  Seats open 2026-08-26 2:15pm: The Odyssey IMAX 70MM: E1
2026-08-23T02:03:15.757352  Seats open 2026-08-28 3:30pm: The Odyssey IMAX 70MM: E16
2026-08-23T02:08:39.714088  Seats open 2026-09-06 11:45am: The Odyssey IMAX 70MM: F26
2026-08-23T03:17:46.804980  Seats open 2026-08-27 11:45am: The Odyssey IMAX 70MM: G1
2026-08-23T05:16:58.816591  Seats open 2026-08-30 7:15pm: The Odyssey IMAX 70MM: E12
2026-08-23T07:46:46.409671  Seats open 2026-08-23 3:30pm: The Odyssey IMAX 70MM: E26
2026-08-23T17:16:35.288721  Seats open 2026-08-24 7:15pm: The Odyssey IMAX 70MM: E23
2026-08-23T17:16:48.426931  Seats open 2026-08-24 11:00pm: The Odyssey IMAX 70MM: J9-J10
2026-08-23T17:38:01.054284  Seats open 2026-08-29 7:15pm: The Odyssey IMAX 70MM: J1
2026-08-23T18:56:11.346353  Seats open 2026-08-24 3:30pm: The Odyssey IMAX 70MM: J15
2026-08-23T19:35:15.207299  Seats open 2026-08-25 11:45am: The Odyssey IMAX 70MM: H12
2026-08-23T20:00:33.510352  Seats open 2026-08-30 7:15pm: The Odyssey IMAX 70MM: G2
2026-08-23T21:11:15.753918  Seats open 2026-08-24 11:45am: The Odyssey IMAX 70MM: F19
2026-08-23T21:57:30.631815  Seats open 2026-08-24 3:30pm: The Odyssey IMAX 70MM: G14-G15
2026-08-23T23:35:16.434286  Seats open 2026-08-23 3:30pm: The Odyssey IMAX 70MM: E2-E3
2026-08-24T00:13:11.616702  Seats open 2026-09-16 11:00pm: The Odyssey IMAX 70MM: J10
2026-08-24T14:06:51.830240  Seats open 2026-08-24 11:45am: The Odyssey IMAX 70MM: E6-E7
2026-08-24T14:18:45.248162  Seats open 2026-09-08 3:30pm: The Odyssey IMAX 70MM: K22
2026-08-24T14:21:56.095378  Seats open 2026-09-12 7:15pm: The Odyssey IMAX 70MM: E25-E26
2026-08-24T15:07:57.966790  Seats open 2026-08-24 3:30pm: The Odyssey IMAX 70MM: F1, G4-G5
2026-08-24T15:16:04.029186  Seats open 2026-09-06 11:45am: The Odyssey IMAX 70MM: E11-E12
2026-08-24T15:55:23.477013  Seats open 2026-08-24 11:45am: The Odyssey IMAX 70MM: K11-K12
2026-08-24T23:01:22.837231  Seats open 2026-09-09 11:45am: The Odyssey IMAX 70MM: K7
2026-08-24T23:35:25.471403  Seats open 2026-08-24 7:15pm: The Odyssey IMAX 70MM: E9-E10
2026-08-25T00:06:13.189362  Seats open 2026-08-24 7:15pm: The Odyssey IMAX 70MM: K4, K1
2026-08-25T03:12:58.629402  Seats open 2026-08-24 11:00pm: The Odyssey IMAX 70MM: J1, K1
2026-08-25T03:24:58.215514  Seats open 2026-09-12 3:30pm: The Odyssey IMAX 70MM: G26
2026-08-25T04:15:24.993772  Seats open 2026-09-02 11:45am: The Odyssey IMAX 70MM: F26
2026-08-25T05:50:31.465312  Seats open 2026-08-29 11:45am: The Odyssey IMAX 70MM: E4-E5
2026-08-25T07:17:00.675839  Seats open 2026-08-26 10:30am: The Odyssey IMAX 70MM: H19-H20
2026-08-25T10:00:11.346091  Seats open 2026-08-26 2:15pm: The Odyssey IMAX 70MM: G15, G12
2026-08-25T10:00:24.617147  Seats open 2026-08-26 10:10pm: The Odyssey IMAX 70MM: F1-F2
2026-08-25T10:49:30.219022  Seats open 2026-08-25 3:30pm: The Odyssey IMAX 70MM: E4-E6
2026-08-25T10:50:14.540627  Seats open 2026-08-26 2:15pm: The Odyssey IMAX 70MM: E1
2026-08-25T11:44:26.608416  Seats open 2026-08-26 2:15pm: The Odyssey IMAX 70MM: K1
2026-08-25T13:19:56.620153  Seats open 2026-08-26 2:15pm: The Odyssey IMAX 70MM: G14
2026-08-25T14:06:10.605890  Seats open 2026-08-25 3:30pm: The Odyssey IMAX 70MM: E8
2026-08-25T14:17:57.001601  Seats open 2026-09-12 3:30pm: The Odyssey IMAX 70MM: G26
2026-08-25T16:24:58.765508  Seats open 2026-09-16 11:45am: The Odyssey IMAX 70MM: H1
2026-08-25T16:58:32.161204  Seats open 2026-09-01 11:45am: The Odyssey IMAX 70MM: H10
2026-08-25T17:00:18.660100  Seats open 2026-09-03 3:30pm: The Odyssey IMAX 70MM: F1-F2
2026-08-25T17:50:48.981042  Seats open 2026-09-03 7:15pm: The Odyssey IMAX 70MM: K17
2026-08-25T17:58:56.363766  Seats open 2026-09-13 7:15pm: The Odyssey IMAX 70MM: F21
2026-08-25T19:54:29.061339  Seats open 2026-09-08 3:30pm: The Odyssey IMAX 70MM: E17-E19
2026-08-25T20:45:41.153336  Seats open 2026-08-25 7:15pm: The Odyssey IMAX 70MM: E21
2026-08-25T21:52:17.748374  Seats open 2026-08-25 3:30pm: The Odyssey IMAX 70MM: J15
2026-08-25T21:58:11.014709  Seats open 2026-09-04 11:45am: The Odyssey IMAX 70MM: J22-J23
2026-08-25T22:50:02.161383  Seats open 2026-09-02 11:00pm: The Odyssey IMAX 70MM: J16
2026-08-25T23:40:15.664511  Seats open 2026-08-28 11:00pm: The Odyssey IMAX 70MM: F19-F22
2026-08-26T03:26:28.799268  Seats open 2026-08-25 7:15pm: The Odyssey IMAX 70MM: H12
2026-08-26T03:26:39.168943  Seats open 2026-08-25 11:00pm: The Odyssey IMAX 70MM: G2
2026-08-26T07:59:17.459289  Seats open 2026-08-26 10:30am: The Odyssey IMAX 70MM: E4
2026-08-26T10:51:29.992322  Seats open 2026-08-26 10:30am: The Odyssey IMAX 70MM: K5-K6
2026-08-26T13:24:37.354696  Seats open 2026-08-26 2:15pm: The Odyssey IMAX 70MM: J6
2026-08-26T14:26:03.329978  Seats open 2026-08-26 10:30am: The Odyssey IMAX 70MM: H5-H6
2026-08-26T17:12:09.853325  Seats open 2026-09-04 11:45am: The Odyssey IMAX 70MM: F17
2026-08-26T19:21:49.969300  Seats open 2026-09-01 11:45am: The Odyssey IMAX 70MM: G26, G20
2026-08-26T19:23:49.899123  Seats open 2026-09-03 11:00pm: The Odyssey IMAX 70MM: F3
2026-08-26T19:31:58.176265  Seats open 2026-09-15 11:45am: The Odyssey IMAX 70MM: G1
2026-08-26T22:35:37.915453  Seats open 2026-08-29 7:15pm: The Odyssey IMAX 70MM: E7-E8
2026-08-26T22:36:23.159016  Seats open 2026-09-01 11:45am: The Odyssey IMAX 70MM: G7
2026-08-26T22:38:05.964163  Seats open 2026-09-03 3:30pm: The Odyssey IMAX 70MM: H18
2026-08-26T22:46:50.352446  Seats open 2026-09-15 11:45am: The Odyssey IMAX 70MM: G8
2026-08-27T03:43:12.290717  Seats open 2026-08-27 11:45am: The Odyssey IMAX 70MM: J9-J10
2026-08-27T03:44:00.619848  Seats open 2026-08-28 11:45am: The Odyssey IMAX 70MM: F22
2026-08-27T03:44:43.417262  Seats open 2026-08-29 11:45am: The Odyssey IMAX 70MM: J4
2026-08-27T03:47:00.386358  Seats open 2026-09-02 11:00pm: The Odyssey IMAX 70MM: J23-J25, K23-K25
2026-08-27T14:46:33.343923  Seats open 2026-08-27 11:45am: The Odyssey IMAX 70MM: F4, J4
2026-08-27T14:46:45.210377  Seats open 2026-08-27 3:30pm: The Odyssey IMAX 70MM: E16
2026-08-28T00:25:11.224558  Seats open 2026-08-27 11:45am: The Odyssey IMAX 70MM: E24
2026-08-28T00:25:24.126421  Seats open 2026-08-27 3:30pm: The Odyssey IMAX 70MM: E11-E12, E6
2026-08-29T03:54:19.118194  Seats open 2026-08-28 11:00pm: The Odyssey IMAX 70MM: J26, J1
2026-08-29T03:57:01.104880  Seats open 2026-09-03 11:45am: The Odyssey IMAX 70MM: E26
2026-08-29T11:25:58.885085  Seats open 2026-09-16 7:15pm: The Odyssey IMAX 70MM: K19-K20
